{
 "bias2": [
  0.5001,
  0.2031,
  0.1237,
  0.0036,
  0.0002,
  0.0003
 ],
 "var": [
  0.0211,
  0.0187,
  0.0205,
  0.018,
  0.0321,
  0.0994
 ],
 "degs": [
  1,
  2,
  3,
  5,
  9,
  15
 ],
 "cv_mean": [
  0.5952,
  0.3824,
  0.2793,
  0.1401,
  0.151,
  0.2168,
  0.1969,
  0.1675,
  0.1707,
  0.1982,
  0.1774
 ],
 "cv_se": [
  0.0521,
  0.089,
  0.0502,
  0.0112,
  0.0134,
  0.0822,
  0.0761,
  0.0557,
  0.0512,
  0.0856,
  0.0685
 ],
 "best_cv": 4,
 "best_hold": 5,
 "gap": 0.0109,
 "se_at_best": 0.0112
}
figure_006 OK
